 *6 +5.*\n((.*C.*\n){2}.*H.*\n){2}.*2.*3.*1.*\n.*1.*2.*1.*\n.*5.*6.*1.*\n.*4.*5.*1.*\n.*2.*5.*1.*\n
