  6  5  0  0  0  0  0  0  0  0999 V2000
    0.0000    0.0000    0.0000 C   0  0  0  0  0  5  0  0  0  0  0  0
    0.0000    0.0000    0.0000 C   0  0  0  0  0  6  0  0  0  0  0  0
    1.0000    0.0000    0.0000 H   0  0  0  0  0  0  0  0  0  0  0  0
    0.0000    0.0000    0.0000 C   0  0  0  0  0  5  0  0  0  0  0  0
    0.0000    0.0000    0.0000 C   0  0  0  0  0  6  0  0  0  0  0  0
    1.0000    0.0000    0.0000 H   0  0  0  0  0  0  0  0  0  0  0  0
  2  3  1  0  0  0  0
  1  2  1  0  0  0  0
  5  6  1  0  0  0  0
  4  5  1  0  0  0  0
  2  5  1  0  0  0  0
