{
  "graphId": 1,
  "gVertices": [
    {
      "lstAPs": [
        {
          "id": 15,
          "atomPositionNumber": 0,
          "atomPositionNumberInMol": 0,
          "apClass": {
            "rule": "co",
            "subClass": 0,
            "bndTyp": "SINGLE"
          },
          "dirVec": {
            "x": -0.4807,
            "y": -1.2922,
            "z": 0.3567
          }
        },
        {
          "id": 16,
          "atomPositionNumber": 0,
          "atomPositionNumberInMol": 0,
          "apClass": {
            "rule": "ccb",
            "subClass": 0,
            "bndTyp": "SINGLE"
          },
          "dirVec": {
            "x": -0.4858,
            "y": 0.3508,
            "z": -1.3016
          }
        },
        {
          "id": 17,
          "atomPositionNumber": 0,
          "atomPositionNumberInMol": 0,
          "apClass": {
            "rule": "ch",
            "subClass": 0,
            "bndTyp": "SINGLE"
          },
          "dirVec": {
            "x": -0.485,
            "y": 0.9464,
            "z": 0.9573
          }
        },
        {
          "id": 18,
          "atomPositionNumber": 0,
          "atomPositionNumberInMol": 0,
          "apClass": {
            "rule": "co",
            "subClass": 0,
            "bndTyp": "SINGLE"
          },
          "dirVec": {
            "x": 1.4213,
            "y": -0.0047,
            "z": 0.001
          }
        }
      ],
      "lstSymAPs": [
        [
          15,
          18
        ]
      ],
      "mol": {
        "atoms": [
          {
            "elSymbol": "C",
            "p3d": {
              "x": 0.0096,
              "y": -0.0057,
              "z": 0.002
            }
          }
        ],
        "bonds": []
      },
      "vertexId": 1,
      "buildingBlockId": 0,
      "buildingBlockType": "SCAFFOLD",
      "isRCV": false,
      "allowedMutationTypes": [
        "DELETE",
        "EXTEND",
        "CHANGEBRANCH",
        "CHANGELINK",
        "ADDLINK",
        "DELETELINK",
        "DELETECHAIN"
      ],
      "vertexType": "MolecularFragment"
    },
    {
      "lstAPs": [
        {
          "id": 19,
          "atomPositionNumber": 0,
          "atomPositionNumberInMol": 0,
          "apClass": {
            "rule": "cca",
            "subClass": 0,
            "bndTyp": "SINGLE"
          },
          "dirVec": {
            "x": -0.4835,
            "y": -1.3073,
            "z": 0.3488
          }
        },
        {
          "id": 20,
          "atomPositionNumber": 0,
          "atomPositionNumberInMol": 0,
          "apClass": {
            "rule": "ccb",
            "subClass": 0,
            "bndTyp": "SINGLE"
          },
          "dirVec": {
            "x": -0.4813,
            "y": 0.3391,
            "z": -1.307
          }
        },
        {
          "id": 21,
          "atomPositionNumber": 0,
          "atomPositionNumberInMol": 0,
          "apClass": {
            "rule": "ch",
            "subClass": 0,
            "bndTyp": "SINGLE"
          },
          "dirVec": {
            "x": -0.4848,
            "y": 0.9557,
            "z": 0.9479
          }
        },
        {
          "id": 22,
          "atomPositionNumber": 0,
          "atomPositionNumberInMol": 0,
          "apClass": {
            "rule": "ch",
            "subClass": 0,
            "bndTyp": "SINGLE"
          },
          "dirVec": {
            "x": 1.437,
            "y": -0.0077,
            "z": -0.0066
          }
        }
      ],
      "lstSymAPs": [
        [
          21,
          22
        ]
      ],
      "mol": {
        "atoms": [
          {
            "elSymbol": "C",
            "p3d": {
              "x": -0.0017,
              "y": -0.0071,
              "z": -0.0076
            }
          }
        ],
        "bonds": []
      },
      "vertexId": 3,
      "buildingBlockId": 2,
      "buildingBlockType": "FRAGMENT",
      "isRCV": false,
      "allowedMutationTypes": [
        "DELETE",
        "EXTEND",
        "CHANGEBRANCH",
        "CHANGELINK",
        "ADDLINK",
        "DELETELINK",
        "DELETECHAIN"
      ],
      "vertexType": "MolecularFragment"
    },
    {
      "lstAPs": [
        {
          "id": 23,
          "atomPositionNumber": 0,
          "atomPositionNumberInMol": 0,
          "apClass": {
            "rule": "hyd",
            "subClass": 1,
            "bndTyp": "SINGLE"
          },
          "dirVec": {
            "x": 0.4667,
            "y": -1.7366,
            "z": 0.3905
          }
        }
      ],
      "lstSymAPs": [],
      "mol": {
        "atoms": [
          {
            "elSymbol": "H",
            "p3d": {
              "x": 0.1838,
              "y": -2.5036,
              "z": 1.1646
            }
          }
        ],
        "bonds": []
      },
      "vertexId": 7,
      "buildingBlockId": 0,
      "buildingBlockType": "CAP",
      "isRCV": false,
      "allowedMutationTypes": [
        "DELETE",
        "EXTEND",
        "CHANGEBRANCH",
        "CHANGELINK",
        "ADDLINK",
        "DELETELINK",
        "DELETECHAIN"
      ],
      "vertexType": "MolecularFragment"
    },
    {
      "lstAPs": [
        {
          "id": 24,
          "atomPositionNumber": 0,
          "atomPositionNumberInMol": 0,
          "apClass": {
            "rule": "coa",
            "subClass": 1,
            "bndTyp": "SINGLE"
          },
          "dirVec": {
            "x": -0.4745,
            "y": -1.3069,
            "z": 0.339
          }
        },
        {
          "id": 25,
          "atomPositionNumber": 0,
          "atomPositionNumberInMol": 0,
          "apClass": {
            "rule": "cob",
            "subClass": 1,
            "bndTyp": "SINGLE"
          },
          "dirVec": {
            "x": -0.4817,
            "y": 0.3533,
            "z": -1.307
          }
        }
      ],
      "lstSymAPs": [],
      "mol": {
        "atoms": [
          {
            "elSymbol": "O",
            "p3d": {
              "x": 0.0026,
              "y": 0.005,
              "z": -0.0086
            }
          }
        ],
        "bonds": []
      },
      "vertexId": 2,
      "buildingBlockId": 3,
      "buildingBlockType": "FRAGMENT",
      "isRCV": false,
      "allowedMutationTypes": [
        "DELETE",
        "EXTEND",
        "CHANGEBRANCH",
        "CHANGELINK",
        "ADDLINK",
        "DELETELINK",
        "DELETECHAIN"
      ],
      "vertexType": "MolecularFragment"
    },
    {
      "lstAPs": [
        {
          "id": 26,
          "atomPositionNumber": 0,
          "atomPositionNumberInMol": 0,
          "apClass": {
            "rule": "coa",
            "subClass": 1,
            "bndTyp": "SINGLE"
          },
          "dirVec": {
            "x": -0.4745,
            "y": -1.3069,
            "z": 0.339
          }
        },
        {
          "id": 27,
          "atomPositionNumber": 0,
          "atomPositionNumberInMol": 0,
          "apClass": {
            "rule": "cob",
            "subClass": 1,
            "bndTyp": "SINGLE"
          },
          "dirVec": {
            "x": -0.4817,
            "y": 0.3533,
            "z": -1.307
          }
        }
      ],
      "lstSymAPs": [],
      "mol": {
        "atoms": [
          {
            "elSymbol": "O",
            "p3d": {
              "x": 0.0026,
              "y": 0.005,
              "z": -0.0086
            }
          }
        ],
        "bonds": []
      },
      "vertexId": 8,
      "buildingBlockId": 3,
      "buildingBlockType": "FRAGMENT",
      "isRCV": false,
      "allowedMutationTypes": [
        "DELETE",
        "EXTEND",
        "CHANGEBRANCH",
        "CHANGELINK",
        "ADDLINK",
        "DELETELINK",
        "DELETECHAIN"
      ],
      "vertexType": "MolecularFragment"
    },
    {
      "lstAPs": [
        {
          "id": 28,
          "atomPositionNumber": 0,
          "atomPositionNumberInMol": 0,
          "apClass": {
            "rule": "hyd",
            "subClass": 0,
            "bndTyp": "SINGLE"
          },
          "dirVec": {
            "x": 0.4667,
            "y": -1.7366,
            "z": 0.3905
          }
        }
      ],
      "lstSymAPs": [],
      "mol": {
        "atoms": [
          {
            "elSymbol": "H",
            "p3d": {
              "x": 0.1838,
              "y": -2.5036,
              "z": 1.1646
            }
          }
        ],
        "bonds": []
      },
      "vertexId": 15,
      "buildingBlockId": 0,
      "buildingBlockType": "CAP",
      "isRCV": false,
      "allowedMutationTypes": [
        "DELETE",
        "EXTEND",
        "CHANGEBRANCH",
        "CHANGELINK",
        "ADDLINK",
        "DELETELINK",
        "DELETECHAIN"
      ],
      "vertexType": "MolecularFragment"
    },
    {
      "lstAPs": [
        {
          "id": 29,
          "atomPositionNumber": 0,
          "atomPositionNumberInMol": 0,
          "apClass": {
            "rule": "hyd",
            "subClass": 1,
            "bndTyp": "SINGLE"
          },
          "dirVec": {
            "x": 0.4667,
            "y": -1.7366,
            "z": 0.3905
          }
        }
      ],
      "lstSymAPs": [],
      "mol": {
        "atoms": [
          {
            "elSymbol": "H",
            "p3d": {
              "x": 0.1838,
              "y": -2.5036,
              "z": 1.1646
            }
          }
        ],
        "bonds": []
      },
      "vertexId": 13,
      "buildingBlockId": 0,
      "buildingBlockType": "CAP",
      "isRCV": false,
      "allowedMutationTypes": [
        "DELETE",
        "EXTEND",
        "CHANGEBRANCH",
        "CHANGELINK",
        "ADDLINK",
        "DELETELINK",
        "DELETECHAIN"
      ],
      "vertexType": "MolecularFragment"
    },
    {
      "lstAPs": [
        {
          "id": 30,
          "atomPositionNumber": 0,
          "atomPositionNumberInMol": 0,
          "apClass": {
            "rule": "cca",
            "subClass": 0,
            "bndTyp": "SINGLE"
          },
          "dirVec": {
            "x": -0.4835,
            "y": -1.3073,
            "z": 0.3488
          }
        },
        {
          "id": 31,
          "atomPositionNumber": 0,
          "atomPositionNumberInMol": 0,
          "apClass": {
            "rule": "ccb",
            "subClass": 0,
            "bndTyp": "SINGLE"
          },
          "dirVec": {
            "x": -0.4813,
            "y": 0.3391,
            "z": -1.307
          }
        },
        {
          "id": 32,
          "atomPositionNumber": 0,
          "atomPositionNumberInMol": 0,
          "apClass": {
            "rule": "ch",
            "subClass": 0,
            "bndTyp": "SINGLE"
          },
          "dirVec": {
            "x": -0.4848,
            "y": 0.9557,
            "z": 0.9479
          }
        },
        {
          "id": 33,
          "atomPositionNumber": 0,
          "atomPositionNumberInMol": 0,
          "apClass": {
            "rule": "ch",
            "subClass": 0,
            "bndTyp": "SINGLE"
          },
          "dirVec": {
            "x": 1.437,
            "y": -0.0077,
            "z": -0.0066
          }
        }
      ],
      "lstSymAPs": [
        [
          32,
          33
        ]
      ],
      "mol": {
        "atoms": [
          {
            "elSymbol": "C",
            "p3d": {
              "x": -0.0017,
              "y": -0.0071,
              "z": -0.0076
            }
          }
        ],
        "bonds": []
      },
      "vertexId": 9,
      "buildingBlockId": 2,
      "buildingBlockType": "FRAGMENT",
      "isRCV": false,
      "allowedMutationTypes": [
        "DELETE",
        "EXTEND",
        "CHANGEBRANCH",
        "CHANGELINK",
        "ADDLINK",
        "DELETELINK",
        "DELETECHAIN"
      ],
      "vertexType": "MolecularFragment"
    },
    {
      "lstAPs": [
        {
          "id": 34,
          "atomPositionNumber": 0,
          "atomPositionNumberInMol": 0,
          "apClass": {
            "rule": "cca",
            "subClass": 0,
            "bndTyp": "SINGLE"
          },
          "dirVec": {
            "x": -0.4835,
            "y": -1.3073,
            "z": 0.3488
          }
        },
        {
          "id": 35,
          "atomPositionNumber": 0,
          "atomPositionNumberInMol": 0,
          "apClass": {
            "rule": "ccb",
            "subClass": 0,
            "bndTyp": "SINGLE"
          },
          "dirVec": {
            "x": -0.4813,
            "y": 0.3391,
            "z": -1.307
          }
        },
        {
          "id": 36,
          "atomPositionNumber": 0,
          "atomPositionNumberInMol": 0,
          "apClass": {
            "rule": "ch",
            "subClass": 0,
            "bndTyp": "SINGLE"
          },
          "dirVec": {
            "x": -0.4848,
            "y": 0.9557,
            "z": 0.9479
          }
        },
        {
          "id": 37,
          "atomPositionNumber": 0,
          "atomPositionNumberInMol": 0,
          "apClass": {
            "rule": "ch",
            "subClass": 0,
            "bndTyp": "SINGLE"
          },
          "dirVec": {
            "x": 1.437,
            "y": -0.0077,
            "z": -0.0066
          }
        }
      ],
      "lstSymAPs": [
        [
          36,
          37
        ]
      ],
      "mol": {
        "atoms": [
          {
            "elSymbol": "C",
            "p3d": {
              "x": -0.0017,
              "y": -0.0071,
              "z": -0.0076
            }
          }
        ],
        "bonds": []
      },
      "vertexId": 17,
      "buildingBlockId": 2,
      "buildingBlockType": "FRAGMENT",
      "isRCV": false,
      "allowedMutationTypes": [
        "DELETE",
        "EXTEND",
        "CHANGEBRANCH",
        "CHANGELINK",
        "ADDLINK",
        "DELETELINK",
        "DELETECHAIN"
      ],
      "vertexType": "MolecularFragment"
    },
    {
      "lstAPs": [
        {
          "id": 38,
          "atomPositionNumber": 0,
          "atomPositionNumberInMol": 0,
          "apClass": {
            "rule": "hyd",
            "subClass": 1,
            "bndTyp": "SINGLE"
          },
          "dirVec": {
            "x": 0.4667,
            "y": -1.7366,
            "z": 0.3905
          }
        }
      ],
      "lstSymAPs": [],
      "mol": {
        "atoms": [
          {
            "elSymbol": "H",
            "p3d": {
              "x": 0.1838,
              "y": -2.5036,
              "z": 1.1646
            }
          }
        ],
        "bonds": []
      },
      "vertexId": 14,
      "buildingBlockId": 0,
      "buildingBlockType": "CAP",
      "isRCV": false,
      "allowedMutationTypes": [
        "DELETE",
        "EXTEND",
        "CHANGEBRANCH",
        "CHANGELINK",
        "ADDLINK",
        "DELETELINK",
        "DELETECHAIN"
      ],
      "vertexType": "MolecularFragment"
    }
  ],
  "gEdges": [
    {
      "srcAPID": 16,
      "trgAPID": 19,
      "bondType": "SINGLE"
    },
    {
      "srcAPID": 17,
      "trgAPID": 23,
      "bondType": "SINGLE"
    },
    {
      "srcAPID": 15,
      "trgAPID": 24,
      "bondType": "SINGLE"
    },
    {
      "srcAPID": 18,
      "trgAPID": 26,
      "bondType": "SINGLE"
    },
    {
      "srcAPID": 25,
      "trgAPID": 28,
      "bondType": "SINGLE"
    },
    {
      "srcAPID": 21,
      "trgAPID": 29,
      "bondType": "SINGLE"
    },
    {
      "srcAPID": 20,
      "trgAPID": 30,
      "bondType": "SINGLE"
    },
    {
      "srcAPID": 27,
      "trgAPID": 34,
      "bondType": "SINGLE"
    },
    {
      "srcAPID": 22,
      "trgAPID": 38,
      "bondType": "SINGLE"
    }
  ],
  "gRings": [],
  "symVertices": []
}